// Jest Snapshot v1, https://goo.gl/fbAQLP

exports[`Pruebas en <GifItem /> Prueba match con el snapshot 1`] = `
<div>
  <div
    class="card"
  >
    <img
      alt="One Pice"
      src="https://one-pice.png/"
    />
    <p>
      One Pice
    </p>
  </div>
</div>
`;
